[0m15:55:25.057095 [debug] [MainThread]: Sending event: {'category': 'dbt', 'action': 'invocation', 'label': 'start', 'context': [<snowplow_tracker.self_describing_json.SelfDescribingJson object at 0x0000027EB5A11F10>, <snowplow_tracker.self_describing_json.SelfDescribingJson object at 0x0000027EB8250EF0>, <snowplow_tracker.self_describing_json.SelfDescribingJson object at 0x0000027EB88977D0>]}


============================== 15:55:25.070094 | cc2bbf0a-e3ea-43cd-b407-435e01b73aac ==============================
[0m15:55:25.070094 [info ] [MainThread]: Running with dbt=1.11.11
[0m15:55:25.071091 [debug] [MainThread]: running dbt with arguments {'version_check': 'True', 'no_print': 'None', 'static_parser': 'True', 'warn_error_options': 'WarnErrorOptionsV2(error=[], warn=[], silence=[])', 'target_path': 'None', 'printer_width': '80', 'write_json': 'True', 'introspect': 'True', 'log_cache_events': 'False', 'empty': 'None', 'cache_selected_only': 'False', 'log_format': 'default', 'debug': 'False', 'fail_fast': 'False', 'partial_parse': 'True', 'send_anonymous_usage_stats': 'True', 'quiet': 'False', 'warn_error': 'None', 'profiles_dir': 'C:\\Users\\dawad\\.dbt', 'indirect_selection': 'eager', 'invocation_command': 'dbt init --skip-profile-setup airbnb', 'use_colors': 'True', 'use_experimental_parser': 'False', 'log_path': 'logs'}
[0m15:55:25.114327 [info ] [MainThread]: Creating dbt configuration folder at C:\Users\dawad\.dbt
[0m15:55:25.118328 [debug] [MainThread]: Starter project path: C:\Users\dawad\OneDrive - Deloitte (O365D)\Documents\Courses Resources\dbt Bootcamp\dbt-udemy-bootcamp-student-repo\.venv\Lib\site-packages\dbt\include\starter_project
[0m15:55:25.188285 [info ] [MainThread]: 
Your new dbt project "airbnb" was created!

For more information on how to configure the profiles.yml file,
please consult the dbt documentation here:

  https://docs.getdbt.com/docs/configure-your-profile

One more thing:

Need help? Don't hesitate to reach out to us via GitHub issues or on Slack:

  https://community.getdbt.com/

Happy modeling!

[0m15:55:25.191283 [debug] [MainThread]: Command `dbt init` succeeded at 15:55:25.191283 after 0.33 seconds
[0m15:55:25.192281 [debug] [MainThread]: Sending event: {'category': 'dbt', 'action': 'invocation', 'label': 'end', 'context': [<snowplow_tracker.self_describing_json.SelfDescribingJson object at 0x0000027EB8D01B50>, <snowplow_tracker.self_describing_json.SelfDescribingJson object at 0x0000027EB72D3A40>, <snowplow_tracker.self_describing_json.SelfDescribingJson object at 0x0000027EB72D3920>]}
[0m15:55:25.193285 [debug] [MainThread]: Flushing usage events
[0m15:55:26.582175 [debug] [MainThread]: An error was encountered while trying to flush usage events
[0m15:45:05.394672 [debug] [MainThread]: Sending event: {'category': 'dbt', 'action': 'invocation', 'label': 'start', 'context': [<snowplow_tracker.self_describing_json.SelfDescribingJson object at 0x000001F546C21A90>, <snowplow_tracker.self_describing_json.SelfDescribingJson object at 0x000001F549AE2270>, <snowplow_tracker.self_describing_json.SelfDescribingJson object at 0x000001F549AE2390>]}


============================== 15:45:05.422176 | 8759f9c5-492f-4e70-b2e5-ccae2d136067 ==============================
[0m15:45:05.422176 [info ] [MainThread]: Running with dbt=1.11.11
[0m15:45:05.423186 [debug] [MainThread]: running dbt with arguments {'version_check': 'True', 'no_print': 'None', 'static_parser': 'True', 'target_path': 'None', 'warn_error_options': 'WarnErrorOptionsV2(error=[], warn=[], silence=[])', 'printer_width': '80', 'write_json': 'True', 'introspect': 'True', 'log_cache_events': 'False', 'empty': 'None', 'cache_selected_only': 'False', 'log_format': 'default', 'debug': 'False', 'fail_fast': 'False', 'profiles_dir': 'C:\\Users\\dawad\\.dbt', 'send_anonymous_usage_stats': 'True', 'quiet': 'False', 'warn_error': 'None', 'partial_parse': 'True', 'use_colors': 'True', 'invocation_command': 'dbt docs generate', 'indirect_selection': 'eager', 'use_experimental_parser': 'False', 'log_path': 'logs'}
[0m15:45:05.424187 [error] [MainThread]: Encountered an error:
Runtime Error
  No dbt_project.yml found at expected path C:\Users\dawad\OneDrive - Deloitte (O365D)\Documents\Courses Resources\dbt Bootcamp\dbt-udemy-bootcamp-student-repo\dbt_project.yml
  Verify that each entry within packages.yml (and their transitive dependencies) contains a file named dbt_project.yml
  
[0m15:45:05.426188 [debug] [MainThread]: Command `dbt docs generate` failed at 15:45:05.425193 after 0.31 seconds
[0m15:45:05.426188 [debug] [MainThread]: Sending event: {'category': 'dbt', 'action': 'invocation', 'label': 'end', 'context': [<snowplow_tracker.self_describing_json.SelfDescribingJson object at 0x000001F54B0BBC80>, <snowplow_tracker.self_describing_json.SelfDescribingJson object at 0x000001F549AE37D0>, <snowplow_tracker.self_describing_json.SelfDescribingJson object at 0x000001F549AE3350>]}
[0m15:45:05.427187 [debug] [MainThread]: Flushing usage events
[0m15:45:07.166658 [debug] [MainThread]: An error was encountered while trying to flush usage events
[0m16:35:27.799660 [debug] [MainThread]: Sending event: {'category': 'dbt', 'action': 'invocation', 'label': 'start', 'context': [<snowplow_tracker.self_describing_json.SelfDescribingJson object at 0x00000178D7E11C10>, <snowplow_tracker.self_describing_json.SelfDescribingJson object at 0x00000178DACCDBE0>, <snowplow_tracker.self_describing_json.SelfDescribingJson object at 0x00000178D7D05160>]}


============================== 16:35:27.832701 | fb1ebee1-1ad2-4ea9-94be-4326bd2370c4 ==============================
[0m16:35:27.832701 [info ] [MainThread]: Running with dbt=1.11.11
[0m16:35:27.834655 [debug] [MainThread]: running dbt with arguments {'version_check': 'True', 'no_print': 'None', 'static_parser': 'True', 'target_path': 'None', 'warn_error_options': 'WarnErrorOptionsV2(error=[], warn=[], silence=[])', 'printer_width': '80', 'write_json': 'True', 'introspect': 'True', 'log_cache_events': 'False', 'empty': 'None', 'cache_selected_only': 'False', 'log_format': 'default', 'debug': 'False', 'fail_fast': 'False', 'profiles_dir': 'C:\\Users\\dawad\\.dbt', 'send_anonymous_usage_stats': 'True', 'quiet': 'False', 'warn_error': 'None', 'partial_parse': 'True', 'indirect_selection': 'eager', 'invocation_command': 'dbt run-operation learn_variables', 'use_colors': 'True', 'use_experimental_parser': 'False', 'log_path': 'logs'}
[0m16:35:27.834655 [error] [MainThread]: Encountered an error:
Runtime Error
  No dbt_project.yml found at expected path C:\Users\dawad\OneDrive - Deloitte (O365D)\Documents\Courses Resources\dbt Bootcamp\dbt-udemy-bootcamp-student-repo\dbt_project.yml
  Verify that each entry within packages.yml (and their transitive dependencies) contains a file named dbt_project.yml
  
[0m16:35:27.836655 [debug] [MainThread]: Command `dbt run-operation` failed at 16:35:27.836655 after 0.26 seconds
[0m16:35:27.836655 [debug] [MainThread]: Sending event: {'category': 'dbt', 'action': 'invocation', 'label': 'end', 'context': [<snowplow_tracker.self_describing_json.SelfDescribingJson object at 0x00000178DAE12DE0>, <snowplow_tracker.self_describing_json.SelfDescribingJson object at 0x00000178DAD03200>, <snowplow_tracker.self_describing_json.SelfDescribingJson object at 0x00000178DAD02F00>]}
[0m16:35:27.837656 [debug] [MainThread]: Flushing usage events
[0m16:35:29.285893 [debug] [MainThread]: An error was encountered while trying to flush usage events
[0m16:35:57.126319 [debug] [MainThread]: Sending event: {'category': 'dbt', 'action': 'invocation', 'label': 'start', 'context': [<snowplow_tracker.self_describing_json.SelfDescribingJson object at 0x0000029B4CC03CB0>, <snowplow_tracker.self_describing_json.SelfDescribingJson object at 0x0000029B4CC024E0>, <snowplow_tracker.self_describing_json.SelfDescribingJson object at 0x0000029B4CC03BF0>]}


============================== 16:35:57.133327 | c1e56fc9-500a-46f8-a206-08a281ac1335 ==============================
[0m16:35:57.133327 [info ] [MainThread]: Running with dbt=1.11.11
[0m16:35:57.135327 [debug] [MainThread]: running dbt with arguments {'version_check': 'True', 'no_print': 'None', 'static_parser': 'True', 'warn_error_options': 'WarnErrorOptionsV2(error=[], warn=[], silence=[])', 'target_path': 'None', 'printer_width': '80', 'write_json': 'True', 'introspect': 'True', 'log_cache_events': 'False', 'empty': 'None', 'cache_selected_only': 'False', 'fail_fast': 'False', 'debug': 'False', 'log_format': 'default', 'profiles_dir': 'C:\\Users\\dawad\\.dbt', 'send_anonymous_usage_stats': 'True', 'quiet': 'False', 'warn_error': 'None', 'partial_parse': 'True', 'invocation_command': 'dbt run-operation learn_variables', 'use_colors': 'True', 'indirect_selection': 'eager', 'use_experimental_parser': 'False', 'log_path': 'logs'}
[0m16:35:57.135327 [error] [MainThread]: Encountered an error:
Runtime Error
  No dbt_project.yml found at expected path C:\Users\dawad\OneDrive - Deloitte (O365D)\Documents\Courses Resources\dbt Bootcamp\dbt-udemy-bootcamp-student-repo\dbt_project.yml
  Verify that each entry within packages.yml (and their transitive dependencies) contains a file named dbt_project.yml
  
[0m16:35:57.137324 [debug] [MainThread]: Command `dbt run-operation` failed at 16:35:57.137324 after 0.22 seconds
[0m16:35:57.137324 [debug] [MainThread]: Sending event: {'category': 'dbt', 'action': 'invocation', 'label': 'end', 'context': [<snowplow_tracker.self_describing_json.SelfDescribingJson object at 0x0000029B4CB97CB0>, <snowplow_tracker.self_describing_json.SelfDescribingJson object at 0x0000029B4CC024E0>, <snowplow_tracker.self_describing_json.SelfDescribingJson object at 0x0000029B4CC03CB0>]}
[0m16:35:57.138324 [debug] [MainThread]: Flushing usage events
[0m16:35:58.348173 [debug] [MainThread]: An error was encountered while trying to flush usage events
